Archive member included to satisfy reference by file (symbol)

C:/ST/STM32CubeIDE_2.2.0/STM32CubeIDE/plugins/com.st.stm32cube.ide.mcu.externaltools.gnu-tools-for-stm32.14.3.rel1.win32_1.0.100.202602081740/tools/bin/../lib/gcc/arm-none-eabi/14.3.1/../../../../arm-none-eabi/lib/thumb/v7-m/nofp\libc_nano.a(libc_a-exit.o)
                              C:/ST/STM32CubeIDE_2.2.0/STM32CubeIDE/plugins/com.st.stm32cube.ide.mcu.externaltools.gnu-tools-for-stm32.14.3.rel1.win32_1.0.100.202602081740/tools/bin/../lib/gcc/arm-none-eabi/14.3.1/../../../../arm-none-eabi/lib/thumb/v7-m/nofp/crt0.o (exit)
C:/ST/STM32CubeIDE_2.2.0/STM32CubeIDE/plugins/com.st.stm32cube.ide.mcu.externaltools.gnu-tools-for-stm32.14.3.rel1.win32_1.0.100.202602081740/tools/bin/../lib/gcc/arm-none-eabi/14.3.1/../../../../arm-none-eabi/lib/thumb/v7-m/nofp\libc_nano.a(libc_a-findfp.o)
                              C:/ST/STM32CubeIDE_2.2.0/STM32CubeIDE/plugins/com.st.stm32cube.ide.mcu.externaltools.gnu-tools-for-stm32.14.3.rel1.win32_1.0.100.202602081740/tools/bin/../lib/gcc/arm-none-eabi/14.3.1/../../../../arm-none-eabi/lib/thumb/v7-m/nofp\libc_nano.a(libc_a-exit.o) (__stdio_exit_handler)
C:/ST/STM32CubeIDE_2.2.0/STM32CubeIDE/plugins/com.st.stm32cube.ide.mcu.externaltools.gnu-tools-for-stm32.14.3.rel1.win32_1.0.100.202602081740/tools/bin/../lib/gcc/arm-none-eabi/14.3.1/../../../../arm-none-eabi/lib/thumb/v7-m/nofp\libc_nano.a(libc_a-fwalk.o)
                              C:/ST/STM32CubeIDE_2.2.0/STM32CubeIDE/plugins/com.st.stm32cube.ide.mcu.externaltools.gnu-tools-for-stm32.14.3.rel1.win32_1.0.100.202602081740/tools/bin/../lib/gcc/arm-none-eabi/14.3.1/../../../../arm-none-eabi/lib/thumb/v7-m/nofp\libc_nano.a(libc_a-findfp.o) (_fwalk_sglue)
C:/ST/STM32CubeIDE_2.2.0/STM32CubeIDE/plugins/com.st.stm32cube.ide.mcu.externaltools.gnu-tools-for-stm32.14.3.rel1.win32_1.0.100.202602081740/tools/bin/../lib/gcc/arm-none-eabi/14.3.1/../../../../arm-none-eabi/lib/thumb/v7-m/nofp\libc_nano.a(libc_a-stdio.o)
                              C:/ST/STM32CubeIDE_2.2.0/STM32CubeIDE/plugins/com.st.stm32cube.ide.mcu.externaltools.gnu-tools-for-stm32.14.3.rel1.win32_1.0.100.202602081740/tools/bin/../lib/gcc/arm-none-eabi/14.3.1/../../../../arm-none-eabi/lib/thumb/v7-m/nofp\libc_nano.a(libc_a-findfp.o) (__sread)
C:/ST/STM32CubeIDE_2.2.0/STM32CubeIDE/plugins/com.st.stm32cube.ide.mcu.externaltools.gnu-tools-for-stm32.14.3.rel1.win32_1.0.100.202602081740/tools/bin/../lib/gcc/arm-none-eabi/14.3.1/../../../../arm-none-eabi/lib/thumb/v7-m/nofp\libc_nano.a(libc_a-memset.o)
                              C:/ST/STM32CubeIDE_2.2.0/STM32CubeIDE/plugins/com.st.stm32cube.ide.mcu.externaltools.gnu-tools-for-stm32.14.3.rel1.win32_1.0.100.202602081740/tools/bin/../lib/gcc/arm-none-eabi/14.3.1/../../../../arm-none-eabi/lib/thumb/v7-m/nofp/crt0.o (memset)
C:/ST/STM32CubeIDE_2.2.0/STM32CubeIDE/plugins/com.st.stm32cube.ide.mcu.externaltools.gnu-tools-for-stm32.14.3.rel1.win32_1.0.100.202602081740/tools/bin/../lib/gcc/arm-none-eabi/14.3.1/../../../../arm-none-eabi/lib/thumb/v7-m/nofp\libc_nano.a(libc_a-closer.o)
                              C:/ST/STM32CubeIDE_2.2.0/STM32CubeIDE/plugins/com.st.stm32cube.ide.mcu.externaltools.gnu-tools-for-stm32.14.3.rel1.win32_1.0.100.202602081740/tools/bin/../lib/gcc/arm-none-eabi/14.3.1/../../../../arm-none-eabi/lib/thumb/v7-m/nofp\libc_nano.a(libc_a-stdio.o) (_close_r)
C:/ST/STM32CubeIDE_2.2.0/STM32CubeIDE/plugins/com.st.stm32cube.ide.mcu.externaltools.gnu-tools-for-stm32.14.3.rel1.win32_1.0.100.202602081740/tools/bin/../lib/gcc/arm-none-eabi/14.3.1/../../../../arm-none-eabi/lib/thumb/v7-m/nofp\libc_nano.a(libc_a-reent.o)
                              C:/ST/STM32CubeIDE_2.2.0/STM32CubeIDE/plugins/com.st.stm32cube.ide.mcu.externaltools.gnu-tools-for-stm32.14.3.rel1.win32_1.0.100.202602081740/tools/bin/../lib/gcc/arm-none-eabi/14.3.1/../../../../arm-none-eabi/lib/thumb/v7-m/nofp\libc_nano.a(libc_a-closer.o) (errno)
C:/ST/STM32CubeIDE_2.2.0/STM32CubeIDE/plugins/com.st.stm32cube.ide.mcu.externaltools.gnu-tools-for-stm32.14.3.rel1.win32_1.0.100.202602081740/tools/bin/../lib/gcc/arm-none-eabi/14.3.1/../../../../arm-none-eabi/lib/thumb/v7-m/nofp\libc_nano.a(libc_a-impure.o)
                              C:/ST/STM32CubeIDE_2.2.0/STM32CubeIDE/plugins/com.st.stm32cube.ide.mcu.externaltools.gnu-tools-for-stm32.14.3.rel1.win32_1.0.100.202602081740/tools/bin/../lib/gcc/arm-none-eabi/14.3.1/../../../../arm-none-eabi/lib/thumb/v7-m/nofp\libc_nano.a(libc_a-reent.o) (_impure_ptr)
C:/ST/STM32CubeIDE_2.2.0/STM32CubeIDE/plugins/com.st.stm32cube.ide.mcu.externaltools.gnu-tools-for-stm32.14.3.rel1.win32_1.0.100.202602081740/tools/bin/../lib/gcc/arm-none-eabi/14.3.1/../../../../arm-none-eabi/lib/thumb/v7-m/nofp\libc_nano.a(libc_a-lseekr.o)
[...]
Memory Configuration

Name             Origin             Length             Attributes
RAM              0x20000000         0x00005000         xrw
FLASH            0x08000000         0x00020000         xr
*default*        0x00000000         0xffffffff

Linker script and memory map

LOAD C:/ST/STM32CubeIDE_2.2.0/STM32CubeIDE/plugins/com.st.stm32cube.ide.mcu.externaltools.gnu-tools-for-stm32.14.3.rel1.win32_1.0.100.202602081740/tools/bin/../lib/gcc/arm-none-eabi/14.3.1/thumb/v7-m/nofp/crti.o
LOAD C:/ST/STM32CubeIDE_2.2.0/STM32CubeIDE/plugins/com.st.stm32cube.ide.mcu.externaltools.gnu-tools-for-stm32.14.3.rel1.win32_1.0.100.202602081740/tools/bin/../lib/gcc/arm-none-eabi/14.3.1/thumb/v7-m/nofp/crtbegin.o
LOAD C:/ST/STM32CubeIDE_2.2.0/STM32CubeIDE/plugins/com.st.stm32cube.ide.mcu.externaltools.gnu-tools-for-stm32.14.3.rel1.win32_1.0.100.202602081740/tools/bin/../lib/gcc/arm-none-eabi/14.3.1/../../../../arm-none-eabi/lib/thumb/v7-m/nofp/crt0.o
LOAD ./Source/UsartDriverStm32F103.o
LOAD ./Source/syscalls.o
LOAD ./Source/sysmem.o
LOAD ./Source/system_stm32f1xx.o
LOAD ./Source/vHardwareSetup.o
LOAD ./Startup/startup_stm32f103rbtx.o
LOAD ./main.o
START GROUP
LOAD C:/ST/STM32CubeIDE_2.2.0/STM32CubeIDE/plugins/com.st.stm32cube.ide.mcu.externaltools.gnu-tools-for-stm32.14.3.rel1.win32_1.0.100.202602081740/tools/bin/../lib/gcc/arm-none-eabi/14.3.1/../../../../arm-none-eabi/lib/thumb/v7-m/nofp\libc_nano.a
LOAD C:/ST/STM32CubeIDE_2.2.0/STM32CubeIDE/plugins/com.st.stm32cube.ide.mcu.externaltools.gnu-tools-for-stm32.14.3.rel1.win32_1.0.100.202602081740/tools/bin/../lib/gcc/arm-none-eabi/14.3.1/../../../../arm-none-eabi/lib/thumb/v7-m/nofp\libm.a
END GROUP
START GROUP
LOAD C:/ST/STM32CubeIDE_2.2.0/STM32CubeIDE/plugins/com.st.stm32cube.ide.mcu.externaltools.gnu-tools-for-stm32.14.3.rel1.win32_1.0.100.202602081740/tools/bin/../lib/gcc/arm-none-eabi/14.3.1/thumb/v7-m/nofp\libgcc.a
LOAD C:/ST/STM32CubeIDE_2.2.0/STM32CubeIDE/plugins/com.st.stm32cube.ide.mcu.externaltools.gnu-tools-for-stm32.14.3.rel1.win32_1.0.100.202602081740/tools/bin/../lib/gcc/arm-none-eabi/14.3.1/../../../../arm-none-eabi/lib/thumb/v7-m/nofp\libc_nano.a
END GROUP
START GROUP
LOAD C:/ST/STM32CubeIDE_2.2.0/STM32CubeIDE/plugins/com.st.stm32cube.ide.mcu.externaltools.gnu-tools-for-stm32.14.3.rel1.win32_1.0.100.202602081740/tools/bin/../lib/gcc/arm-none-eabi/14.3.1/thumb/v7-m/nofp\libgcc.a
LOAD C:/ST/STM32CubeIDE_2.2.0/STM32CubeIDE/plugins/com.st.stm32cube.ide.mcu.externaltools.gnu-tools-for-stm32.14.3.rel1.win32_1.0.100.202602081740/tools/bin/../lib/gcc/arm-none-eabi/14.3.1/../../../../arm-none-eabi/lib/thumb/v7-m/nofp\libc_nano.a
LOAD C:/ST/STM32CubeIDE_2.2.0/STM32CubeIDE/plugins/com.st.stm32cube.ide.mcu.externaltools.gnu-tools-for-stm32.14.3.rel1.win32_1.0.100.202602081740/tools/bin/../lib/gcc/arm-none-eabi/14.3.1/../../../../arm-none-eabi/lib/thumb/v7-m/nofp\libnosys.a
END GROUP
START GROUP
LOAD C:/ST/STM32CubeIDE_2.2.0/STM32CubeIDE/plugins/com.st.stm32cube.ide.mcu.externaltools.gnu-tools-for-stm32.14.3.rel1.win32_1.0.100.202602081740/tools/bin/../lib/gcc/arm-none-eabi/14.3.1/thumb/v7-m/nofp\libgcc.a
LOAD C:/ST/STM32CubeIDE_2.2.0/STM32CubeIDE/plugins/com.st.stm32cube.ide.mcu.externaltools.gnu-tools-for-stm32.14.3.rel1.win32_1.0.100.202602081740/tools/bin/../lib/gcc/arm-none-eabi/14.3.1/../../../../arm-none-eabi/lib/thumb/v7-m/nofp\libc_nano.a
LOAD C:/ST/STM32CubeIDE_2.2.0/STM32CubeIDE/plugins/com.st.stm32cube.ide.mcu.externaltools.gnu-tools-for-stm32.14.3.rel1.win32_1.0.100.202602081740/tools/bin/../lib/gcc/arm-none-eabi/14.3.1/../../../../arm-none-eabi/lib/thumb/v7-m/nofp\libnosys.a
END GROUP
LOAD C:/ST/STM32CubeIDE_2.2.0/STM32CubeIDE/plugins/com.st.stm32cube.ide.mcu.externaltools.gnu-tools-for-stm32.14.3.rel1.win32_1.0.100.202602081740/tools/bin/../lib/gcc/arm-none-eabi/14.3.1/thumb/v7-m/nofp/crtend.o
LOAD C:/ST/STM32CubeIDE_2.2.0/STM32CubeIDE/plugins/com.st.stm32cube.ide.mcu.externaltools.gnu-tools-for-stm32.14.3.rel1.win32_1.0.100.202602081740/tools/bin/../lib/gcc/arm-none-eabi/14.3.1/thumb/v7-m/nofp/crtn.o
                0x20005000                        _estack = (ORIGIN (RAM) + LENGTH (RAM))
                0x00000200                        _Min_Heap_Size = 0x200
                0x00000400                        _Min_Stack_Size = 0x400

.isr_vector     0x08000000      0x130
                0x08000000                        . = ALIGN (0x4)
 *(.isr_vector)
 .isr_vector    0x08000000      0x130 ./Startup/startup_stm32f103rbtx.o
                0x08000000                g_pfnVectors
                0x08000130                        . = ALIGN (0x4)

.text           0x08000130      0xfbc
                0x08000130                        . = ALIGN (0x4)
 *(.text)
 .text          0x08000130       0x40 C:/ST/STM32CubeIDE_2.2.0/STM32CubeIDE/plugins/com.st.stm32cube.ide.mcu.externaltools.gnu-tools-for-stm32.14.3.rel1.win32_1.0.100.202602081740/tools/bin/../lib/gcc/arm-none-eabi/14.3.1/thumb/v7-m/nofp/crtbegin.o
 .text          0x08000170       0x30 C:/ST/STM32CubeIDE_2.2.0/STM32CubeIDE/plugins/com.st.stm32cube.ide.mcu.externaltools.gnu-tools-for-stm32.14.3.rel1.win32_1.0.100.202602081740/tools/bin/../lib/gcc/arm-none-eabi/14.3.1/thumb/v7-m/nofp\libgcc.a(_aeabi_uldivmod.o)
                0x08000170                __aeabi_uldivmod
 .text          0x080001a0      0x2f4 C:/ST/STM32CubeIDE_2.2.0/STM32CubeIDE/plugins/com.st.stm32cube.ide.mcu.externaltools.gnu-tools-for-stm32.14.3.rel1.win32_1.0.100.202602081740/tools/bin/../lib/gcc/arm-none-eabi/14.3.1/thumb/v7-m/nofp\libgcc.a(_udivmoddi4.o)
                0x080001a0                __udivmoddi4
 .text          0x08000494        0x4 C:/ST/STM32CubeIDE_2.2.0/STM32CubeIDE/plugins/com.st.stm32cube.ide.mcu.externaltools.gnu-tools-for-stm32.14.3.rel1.win32_1.0.100.202602081740/tools/bin/../lib/gcc/arm-none-eabi/14.3.1/thumb/v7-m/nofp\libgcc.a(_dvmd_tls.o)
                0x08000494                __aeabi_idiv0
                0x08000494                __aeabi_ldiv0
 *(.text*)
 .text.USART2_IRQHandler
                0x08000498       0xe4 ./Source/UsartDriverStm32F103.o
                0x08000498                USART2_IRQHandler
 .text.vWriteUSART
                0x0800057c       0x84 ./Source/UsartDriverStm32F103.o
                0x0800057c                vWriteUSART
 .text.vMsgToSend
                0x08000600       0x8c ./Source/UsartDriverStm32F103.o
                0x08000600                vMsgToSend
 .text.xReadUSART
                0x0800068c      0x1f0 ./Source/UsartDriverStm32F103.o
                0x0800068c                xReadUSART
 .text.vPrintWelcomeBanner
                0x0800087c       0xac ./Source/UsartDriverStm32F103.o
                0x0800087c                vPrintWelcomeBanner
 .text.vUint64ToString
                0x08000928       0xa8 ./Source/UsartDriverStm32F103.o
                0x08000928                vUint64ToString
 .text.SystemInit
                0x080009d0        0xc ./Source/system_stm32f1xx.o
                0x080009d0                SystemInit
 .text.SystemCoreClockUpdate
                0x080009dc       0xe4 ./Source/system_stm32f1xx.o
                0x080009dc                SystemCoreClockUpdate
 .text.__NVIC_EnableIRQ
                0x08000ac0       0x38 ./Source/vHardwareSetup.o
 .text.__NVIC_SetPriority
                0x08000af8       0x54 ./Source/vHardwareSetup.o
 .text.vHardwareSetup
                0x08000b4c       0x20 ./Source/vHardwareSetup.o
                0x08000b4c                vHardwareSetup
 .text.prvHardwareSetupSystemClock
                0x08000b6c      0x128 ./Source/vHardwareSetup.o
 .text.prvHardwareSetupPortAndPin
                0x08000c94       0x50 ./Source/vHardwareSetup.o
 .text.prvHardwareSetupGPIO
                0x08000ce4       0x90 ./Source/vHardwareSetup.o
 .text.prvHardwareSetupTimer
                0x08000d74       0xcc ./Source/vHardwareSetup.o
 .text.prvHardwareSetupUART
                0x08000e40       0xb8 ./Source/vHardwareSetup.o
 .text.prvHardwareSetupInterrupt
                0x08000ef8       0x2e ./Source/vHardwareSetup.o
 *fill*         0x08000f26        0x2 
 .text.Reset_Handler
                0x08000f28       0x50 ./Startup/startup_stm32f103rbtx.o
                0x08000f28                Reset_Handler
 .text.Default_Handler
                0x08000f78        0x2 ./Startup/startup_stm32f103rbtx.o
                0x08000f78                EXTI2_IRQHandler
                0x08000f78                TIM8_TRG_COM_IRQHandler
                0x08000f78                TIM8_CC_IRQHandler
                0x08000f78                DebugMon_Handler
                0x08000f78                TIM1_CC_IRQHandler
                0x08000f78                HardFault_Handler
                0x08000f78                TIM6_IRQHandler
                0x08000f78                SysTick_Handler
                0x08000f78                PVD_IRQHandler
                0x08000f78                SDIO_IRQHandler
                0x08000f78                PendSV_Handler
                0x08000f78                NMI_Handler
                0x08000f78                EXTI3_IRQHandler
                0x08000f78                USB_HP_CAN_TX_IRQHandler
                0x08000f78                EXTI0_IRQHandler
                0x08000f78                I2C2_EV_IRQHandler
                0x08000f78                UsageFault_Handler
                0x08000f78                ADC1_2_IRQHandler
                0x08000f78                SPI1_IRQHandler
                0x08000f78                CAN_SCE_IRQHandler
                0x08000f78                TAMPER_IRQHandler
                0x08000f78                TIM8_UP_IRQHandler
                0x08000f78                DMA2_Channel2_IRQHandler
                0x08000f78                DMA1_Channel4_IRQHandler
                0x08000f78                USART3_IRQHandler
                0x08000f78                RTC_IRQHandler
                0x08000f78                DMA1_Channel7_IRQHandler
                0x08000f78                UART5_IRQHandler
                0x08000f78                ADC3_IRQHandler
                0x08000f78                TIM4_IRQHandler
                0x08000f78                CAN_RX1_IRQHandler
                0x08000f78                DMA2_Channel1_IRQHandler
                0x08000f78                I2C1_EV_IRQHandler
                0x08000f78                DMA1_Channel6_IRQHandler
                0x08000f78                UART4_IRQHandler
                0x08000f78                TIM3_IRQHandler
                0x08000f78                RCC_IRQHandler
                0x08000f78                TIM1_TRG_COM_IRQHandler
                0x08000f78                DMA1_Channel1_IRQHandler
                0x08000f78                Default_Handler
                0x08000f78                EXTI15_10_IRQHandler
                0x08000f78                TIM7_IRQHandler
                0x08000f78                TIM5_IRQHandler
                0x08000f78                EXTI9_5_IRQHandler
                0x08000f78                SPI2_IRQHandler
                0x08000f78                USB_LP_CAN_RX0_IRQHandler
                0x08000f78                MemManage_Handler
                0x08000f78                SVC_Handler
                0x08000f78                DMA1_Channel5_IRQHandler
                0x08000f78                EXTI4_IRQHandler
                0x08000f78                DMA1_Channel3_IRQHandler
                0x08000f78                FSMC_IRQHandler
                0x08000f78                TIM1_UP_IRQHandler
                0x08000f78                WWDG_IRQHandler
                0x08000f78                TIM1_BRK_IRQHandler
                0x08000f78                EXTI1_IRQHandler
                0x08000f78                RTCAlarm_IRQHandler
                0x08000f78                DMA2_Channel4_5_IRQHandler
                0x08000f78                I2C2_ER_IRQHandler
                0x08000f78                DMA1_Channel2_IRQHandler
                0x08000f78                TIM8_BRK_IRQHandler
                0x08000f78                FLASH_IRQHandler
                0x08000f78                BusFault_Handler
                0x08000f78                USART1_IRQHandler
                0x08000f78                SPI3_IRQHandler
                0x08000f78                I2C1_ER_IRQHandler
                0x08000f78                DMA2_Channel3_IRQHandler
 *fill*         0x08000f7a        0x2 
 .text.main     0x08000f7c       0x84 ./main.o
                0x08000f7c                main
 .text.TIM2_IRQHandler
                0x08001000       0x8c ./main.o
                0x08001000                TIM2_IRQHandler
 .text.__libc_init_array
                0x0800108c       0x48 C:/ST/STM32CubeIDE_2.2.0/STM32CubeIDE/plugins/com.st.stm32cube.ide.mcu.externaltools.gnu-tools-for-stm32.14.3.rel1.win32_1.0.100.202602081740/tools/bin/../lib/gcc/arm-none-eabi/14.3.1/../../../../arm-none-eabi/lib/thumb/v7-m/nofp\libc_nano.a(libc_a-init.o)
                0x0800108c                __libc_init_array
 *(.glue_7)
 .glue_7        0x080010d4        0x0 linker stubs
 *(.glue_7t)
 .glue_7t       0x080010d4        0x0 linker stubs
 *(.eh_frame)
 .eh_frame      0x080010d4        0x0 C:/ST/STM32CubeIDE_2.2.0/STM32CubeIDE/plugins/com.st.stm32cube.ide.mcu.externaltools.gnu-tools-for-stm32.14.3.rel1.win32_1.0.100.202602081740/tools/bin/../lib/gcc/arm-none-eabi/14.3.1/thumb/v7-m/nofp/crtbegin.o
 *(.init)
 .init          0x080010d4        0x4 C:/ST/STM32CubeIDE_2.2.0/STM32CubeIDE/plugins/com.st.stm32cube.ide.mcu.externaltools.gnu-tools-for-stm32.14.3.rel1.win32_1.0.100.202602081740/tools/bin/../lib/gcc/arm-none-eabi/14.3.1/thumb/v7-m/nofp/crti.o
                0x080010d4                _init
 .init          0x080010d8        0x8 C:/ST/STM32CubeIDE_2.2.0/STM32CubeIDE/plugins/com.st.stm32cube.ide.mcu.externaltools.gnu-tools-for-stm32.14.3.rel1.win32_1.0.100.202602081740/tools/bin/../lib/gcc/arm-none-eabi/14.3.1/thumb/v7-m/nofp/crtn.o
 *(.fini)
 .fini          0x080010e0        0x4 C:/ST/STM32CubeIDE_2.2.0/STM32CubeIDE/plugins/com.st.stm32cube.ide.mcu.externaltools.gnu-tools-for-stm32.14.3.rel1.win32_1.0.100.202602081740/tools/bin/../lib/gcc/arm-none-eabi/14.3.1/thumb/v7-m/nofp/crti.o
                0x080010e0                _fini
 .fini          0x080010e4        0x8 C:/ST/STM32CubeIDE_2.2.0/STM32CubeIDE/plugins/com.st.stm32cube.ide.mcu.externaltools.gnu-tools-for-stm32.14.3.rel1.win32_1.0.100.202602081740/tools/bin/../lib/gcc/arm-none-eabi/14.3.1/thumb/v7-m/nofp/crtn.o
                0x080010ec                        . = ALIGN (0x4)
                0x080010ec                        _etext = .

.vfp11_veneer   0x080010ec        0x0
 .vfp11_veneer  0x080010ec        0x0 linker stubs

.v4_bx          0x080010ec        0x0
 .v4_bx         0x080010ec        0x0 linker stubs

.iplt           0x080010ec        0x0
 .iplt          0x080010ec        0x0 C:/ST/STM32CubeIDE_2.2.0/STM32CubeIDE/plugins/com.st.stm32cube.ide.mcu.externaltools.gnu-tools-for-stm32.14.3.rel1.win32_1.0.100.202602081740/tools/bin/../lib/gcc/arm-none-eabi/14.3.1/thumb/v7-m/nofp/crtbegin.o

.rodata         0x080010ec      0x1c0
                0x080010ec                        . = ALIGN (0x4)
 *(.rodata)
 .rodata        0x080010ec      0x17a ./Source/UsartDriverStm32F103.o
 *fill*         0x08001266        0x2 
 .rodata        0x08001268       0x33 ./main.o
 *(.rodata*)
 *fill*         0x0800129b        0x1 
 .rodata.AHBPrescTable
                0x0800129c       0x10 ./Source/system_stm32f1xx.o
                0x0800129c                AHBPrescTable
                0x080012ac                        . = ALIGN (0x4)

.ARM.extab      0x080012ac        0x0
                0x080012ac                        . = ALIGN (0x4)
 *(.ARM.extab* .gnu.linkonce.armextab.*)
                0x080012ac                        . = ALIGN (0x4)

.ARM            0x080012ac        0x8
                0x080012ac                        . = ALIGN (0x4)
                0x080012ac                        __exidx_start = .
 *(.ARM.exidx*)
 .ARM.exidx     0x080012ac        0x8 C:/ST/STM32CubeIDE_2.2.0/STM32CubeIDE/plugins/com.st.stm32cube.ide.mcu.externaltools.gnu-tools-for-stm32.14.3.rel1.win32_1.0.100.202602081740/tools/bin/../lib/gcc/arm-none-eabi/14.3.1/thumb/v7-m/nofp\libgcc.a(_udivmoddi4.o)
                0x080012b4                        __exidx_end = .
                0x080012b4                        . = ALIGN (0x4)

.preinit_array  0x080012b4        0x0
                0x080012b4                        . = ALIGN (0x4)
                0x080012b4                        PROVIDE (__preinit_array_start = .)
 *(.preinit_array*)
                0x080012b4                        PROVIDE (__preinit_array_end = .)
                0x080012b4                        . = ALIGN (0x4)

.init_array     0x080012b4        0x4
                0x080012b4                        . = ALIGN (0x4)
                0x080012b4                        PROVIDE (__init_array_start = .)
 *(SORT_BY_NAME(.init_array.*))
 *(.init_array*)
 .init_array    0x080012b4        0x4 C:/ST/STM32CubeIDE_2.2.0/STM32CubeIDE/plugins/com.st.stm32cube.ide.mcu.externaltools.gnu-tools-for-stm32.14.3.rel1.win32_1.0.100.202602081740/tools/bin/../lib/gcc/arm-none-eabi/14.3.1/thumb/v7-m/nofp/crtbegin.o
                0x080012b8                        PROVIDE (__init_array_end = .)
                0x080012b8                        . = ALIGN (0x4)

.fini_array     0x080012b8        0x4
                0x080012b8                        . = ALIGN (0x4)
                [!provide]                        PROVIDE (__fini_array_start = .)
 *(SORT_BY_NAME(.fini_array.*))
 *(.fini_array*)
 .fini_array    0x080012b8        0x4 C:/ST/STM32CubeIDE_2.2.0/STM32CubeIDE/plugins/com.st.stm32cube.ide.mcu.externaltools.gnu-tools-for-stm32.14.3.rel1.win32_1.0.100.202602081740/tools/bin/../lib/gcc/arm-none-eabi/14.3.1/thumb/v7-m/nofp/crtbegin.o
                [!provide]                        PROVIDE (__fini_array_end = .)
                0x080012bc                        . = ALIGN (0x4)
                0x080012bc                        _sidata = LOADADDR (.data)

.rel.dyn        0x080012bc        0x0
 .rel.iplt      0x080012bc        0x0 C:/ST/STM32CubeIDE_2.2.0/STM32CubeIDE/plugins/com.st.stm32cube.ide.mcu.externaltools.gnu-tools-for-stm32.14.3.rel1.win32_1.0.100.202602081740/tools/bin/../lib/gcc/arm-none-eabi/14.3.1/thumb/v7-m/nofp/crtbegin.o

.data           0x20000000        0x4 load address 0x080012bc
                0x20000000                        . = ALIGN (0x4)
                0x20000000                        _sdata = .
 *(.data)
 *(.data*)
 .data.SystemCoreClock
                0x20000000        0x4 ./Source/system_stm32f1xx.o
                0x20000000                SystemCoreClock
 *(.RamFunc)
 *(.RamFunc*)
                0x20000004                        . = ALIGN (0x4)
                0x20000004                        _edata = .

.igot.plt       0x20000004        0x0 load address 0x080012c0
 .igot.plt      0x20000004        0x0 C:/ST/STM32CubeIDE_2.2.0/STM32CubeIDE/plugins/com.st.stm32cube.ide.mcu.externaltools.gnu-tools-for-stm32.14.3.rel1.win32_1.0.100.202602081740/tools/bin/../lib/gcc/arm-none-eabi/14.3.1/thumb/v7-m/nofp/crtbegin.o
                0x20000004                        . = ALIGN (0x4)

.bss            0x20000008      0x1c8 load address 0x080012c0
                0x20000008                        _sbss = .
                0x20000008                        __bss_start__ = _sbss
 *(.bss)
 .bss           0x20000008       0x1c C:/ST/STM32CubeIDE_2.2.0/STM32CubeIDE/plugins/com.st.stm32cube.ide.mcu.externaltools.gnu-tools-for-stm32.14.3.rel1.win32_1.0.100.202602081740/tools/bin/../lib/gcc/arm-none-eabi/14.3.1/thumb/v7-m/nofp/crtbegin.o
 *(.bss*)
 .bss.ucTxBuffer
                0x20000024      0x100 ./Source/UsartDriverStm32F103.o
 .bss.usTxHead  0x20000124        0x2 ./Source/UsartDriverStm32F103.o
 .bss.usTxTail  0x20000126        0x2 ./Source/UsartDriverStm32F103.o
 .bss.ucRxBuffer
                0x20000128       0x80 ./Source/UsartDriverStm32F103.o
 .bss.usRxHead  0x200001a8        0x2 ./Source/UsartDriverStm32F103.o
 .bss.usRxTail  0x200001aa        0x2 ./Source/UsartDriverStm32F103.o
 .bss.cUint64String
                0x200001ac       0x15 ./Source/UsartDriverStm32F103.o
                0x200001ac                cUint64String
 *fill*         0x200001c1        0x3 
 .bss.ulTimer2Counter
                0x200001c4        0x4 ./main.o
 .bss.ullSecond
                0x200001c8        0x8 ./main.o
 *(COMMON)
                0x200001d0                        . = ALIGN (0x4)
                0x200001d0                        _ebss = .
                0x200001d0                        __bss_end__ = _ebss

._user_heap_stack
                0x200001d0      0x600 load address 0x080012c0
                0x200001d0                        . = ALIGN (0x8)
                [!provide]                        PROVIDE (end = .)
                0x200001d0                        PROVIDE (_end = .)
                0x200003d0                        . = (. + _Min_Heap_Size)
 *fill*         0x200001d0      0x200 
                0x200007d0                        . = (. + _Min_Stack_Size)
 *fill*         0x200003d0      0x400 
                0x200007d0                        . = ALIGN (0x8)

/DISCARD/
 libc.a(*)
 libm.a(*)
 libgcc.a(*)

.ARM.attributes
                0x00000000       0x29
 *(.ARM.attributes)
 .ARM.attributes
                0x00000000       0x1d C:/ST/STM32CubeIDE_2.2.0/STM32CubeIDE/plugins/com.st.stm32cube.ide.mcu.externaltools.gnu-tools-for-stm32.14.3.rel1.win32_1.0.100.202602081740/tools/bin/../lib/gcc/arm-none-eabi/14.3.1/thumb/v7-m/nofp/crti.o
 .ARM.attributes
                0x0000001d       0x2d C:/ST/STM32CubeIDE_2.2.0/STM32CubeIDE/plugins/com.st.stm32cube.ide.mcu.externaltools.gnu-tools-for-stm32.14.3.rel1.win32_1.0.100.202602081740/tools/bin/../lib/gcc/arm-none-eabi/14.3.1/thumb/v7-m/nofp/crtbegin.o
 .ARM.attributes
                0x0000004a       0x2d ./Source/UsartDriverStm32F103.o
 .ARM.attributes
                0x00000077       0x2d ./Source/system_stm32f1xx.o
 .ARM.attributes
                0x000000a4       0x2d ./Source/vHardwareSetup.o
 .ARM.attributes
                0x000000d1       0x21 ./Startup/startup_stm32f103rbtx.o
 .ARM.attributes
                0x000000f2       0x2d ./main.o
 .ARM.attributes
                0x0000011f       0x2d C:/ST/STM32CubeIDE_2.2.0/STM32CubeIDE/plugins/com.st.stm32cube.ide.mcu.externaltools.gnu-tools-for-stm32.14.3.rel1.win32_1.0.100.202602081740/tools/bin/../lib/gcc/arm-none-eabi/14.3.1/../../../../arm-none-eabi/lib/thumb/v7-m/nofp\libc_nano.a(libc_a-init.o)
 .ARM.attributes
                0x0000014c       0x1d C:/ST/STM32CubeIDE_2.2.0/STM32CubeIDE/plugins/com.st.stm32cube.ide.mcu.externaltools.gnu-tools-for-stm32.14.3.rel1.win32_1.0.100.202602081740/tools/bin/../lib/gcc/arm-none-eabi/14.3.1/thumb/v7-m/nofp\libgcc.a(_aeabi_uldivmod.o)
 .ARM.attributes
                0x00000169       0x2d C:/ST/STM32CubeIDE_2.2.0/STM32CubeIDE/plugins/com.st.stm32cube.ide.mcu.externaltools.gnu-tools-for-stm32.14.3.rel1.win32_1.0.100.202602081740/tools/bin/../lib/gcc/arm-none-eabi/14.3.1/thumb/v7-m/nofp\libgcc.a(_udivmoddi4.o)
 .ARM.attributes
                0x00000196       0x1d C:/ST/STM32CubeIDE_2.2.0/STM32CubeIDE/plugins/com.st.stm32cube.ide.mcu.externaltools.gnu-tools-for-stm32.14.3.rel1.win32_1.0.100.202602081740/tools/bin/../lib/gcc/arm-none-eabi/14.3.1/thumb/v7-m/nofp\libgcc.a(_dvmd_tls.o)
 .ARM.attributes
                0x000001b3       0x1d C:/ST/STM32CubeIDE_2.2.0/STM32CubeIDE/plugins/com.st.stm32cube.ide.mcu.externaltools.gnu-tools-for-stm32.14.3.rel1.win32_1.0.100.202602081740/tools/bin/../lib/gcc/arm-none-eabi/14.3.1/thumb/v7-m/nofp/crtn.o
OUTPUT(NUCLEO-F103RB_Setup.elf elf32-littlearm)
LOAD linker stubs
LOAD C:/ST/STM32CubeIDE_2.2.0/STM32CubeIDE/plugins/com.st.stm32cube.ide.mcu.externaltools.gnu-tools-for-stm32.14.3.rel1.win32_1.0.100.202602081740/tools/bin/../lib/gcc/arm-none-eabi/14.3.1/../../../../arm-none-eabi/lib/thumb/v7-m/nofp\libc.a
LOAD C:/ST/STM32CubeIDE_2.2.0/STM32CubeIDE/plugins/com.st.stm32cube.ide.mcu.externaltools.gnu-tools-for-stm32.14.3.rel1.win32_1.0.100.202602081740/tools/bin/../lib/gcc/arm-none-eabi/14.3.1/../../../../arm-none-eabi/lib/thumb/v7-m/nofp\libm.a
LOAD C:/ST/STM32CubeIDE_2.2.0/STM32CubeIDE/plugins/com.st.stm32cube.ide.mcu.externaltools.gnu-tools-for-stm32.14.3.rel1.win32_1.0.100.202602081740/tools/bin/../lib/gcc/arm-none-eabi/14.3.1/thumb/v7-m/nofp\libgcc.a

.debug_info     0x00000000     0x167d
 .debug_info    0x00000000      0x6c1 ./Source/UsartDriverStm32F103.o
 .debug_info    0x000006c1      0x21b ./Source/system_stm32f1xx.o
 .debug_info    0x000008dc      0x97b ./Source/vHardwareSetup.o
 .debug_info    0x00001257       0x30 ./Startup/startup_stm32f103rbtx.o
 .debug_info    0x00001287      0x3f6 ./main.o

.debug_abbrev   0x00000000      0x6dd
 .debug_abbrev  0x00000000      0x1e9 ./Source/UsartDriverStm32F103.o
 .debug_abbrev  0x000001e9      0x13f ./Source/system_stm32f1xx.o
 .debug_abbrev  0x00000328      0x1fe ./Source/vHardwareSetup.o
 .debug_abbrev  0x00000526       0x24 ./Startup/startup_stm32f103rbtx.o
 .debug_abbrev  0x0000054a      0x193 ./main.o

.debug_aranges  0x00000000      0x130
 .debug_aranges
                0x00000000       0x58 ./Source/UsartDriverStm32F103.o
 .debug_aranges
                0x00000058       0x28 ./Source/system_stm32f1xx.o
 .debug_aranges
                0x00000080       0x60 ./Source/vHardwareSetup.o
 .debug_aranges
                0x000000e0       0x28 ./Startup/startup_stm32f103rbtx.o
 .debug_aranges
                0x00000108       0x28 ./main.o

.debug_rnglists
                0x00000000       0xf2
 .debug_rnglists
                0x00000000       0x5d ./Source/UsartDriverStm32F103.o
 .debug_rnglists
                0x0000005d       0x1a ./Source/system_stm32f1xx.o
 .debug_rnglists
                0x00000077       0x47 ./Source/vHardwareSetup.o
 .debug_rnglists
                0x000000be       0x19 ./Startup/startup_stm32f103rbtx.o
 .debug_rnglists
                0x000000d7       0x1b ./main.o

.debug_macro    0x00000000    0x1041d
 .debug_macro   0x00000000       0xef ./Source/UsartDriverStm32F103.o
 .debug_macro   0x000000ef      0xad8 ./Source/UsartDriverStm32F103.o
 .debug_macro   0x00000bc7       0x22 ./Source/UsartDriverStm32F103.o
 .debug_macro   0x00000be9       0x8e ./Source/UsartDriverStm32F103.o
 .debug_macro   0x00000c77       0x51 ./Source/UsartDriverStm32F103.o
 .debug_macro   0x00000cc8      0x103 ./Source/UsartDriverStm32F103.o
 .debug_macro   0x00000dcb       0x6a ./Source/UsartDriverStm32F103.o
 .debug_macro   0x00000e35      0x1df ./Source/UsartDriverStm32F103.o
 .debug_macro   0x00001014       0x22 ./Source/UsartDriverStm32F103.o
 .debug_macro   0x00001036      0x190 ./Source/UsartDriverStm32F103.o
 .debug_macro   0x000011c6       0x28 ./Source/UsartDriverStm32F103.o
 .debug_macro   0x000011ee       0x22 ./Source/UsartDriverStm32F103.o
 .debug_macro   0x00001210       0x1c ./Source/UsartDriverStm32F103.o
 .debug_macro   0x0000122c       0x22 ./Source/UsartDriverStm32F103.o
 .debug_macro   0x0000124e       0xbd ./Source/UsartDriverStm32F103.o
 .debug_macro   0x0000130b      0xd23 ./Source/UsartDriverStm32F103.o
 .debug_macro   0x0000202e     0xe09e ./Source/UsartDriverStm32F103.o
 .debug_macro   0x000100cc       0x6d ./Source/UsartDriverStm32F103.o
 .debug_macro   0x00010139       0x40 ./Source/UsartDriverStm32F103.o
 .debug_macro   0x00010179       0xc8 ./Source/system_stm32f1xx.o
 .debug_macro   0x00010241       0xf1 ./Source/vHardwareSetup.o
 .debug_macro   0x00010332       0xeb ./main.o

.debug_line     0x00000000     0x1bec
 .debug_line    0x00000000      0x901 ./Source/UsartDriverStm32F103.o
 .debug_line    0x00000901      0x527 ./Source/system_stm32f1xx.o
 .debug_line    0x00000e28      0x7e2 ./Source/vHardwareSetup.o
 .debug_line    0x0000160a       0x7b ./Startup/startup_stm32f103rbtx.o
 .debug_line    0x00001685      0x567 ./main.o

.debug_str      0x00000000    0x5513c
 .debug_str     0x00000000    0x5513c ./Source/UsartDriverStm32F103.o
                              0x54e07 (size before relaxing)
 .debug_str     0x0005513c    0x5477f ./Source/system_stm32f1xx.o
 .debug_str     0x0005513c    0x55105 ./Source/vHardwareSetup.o
 .debug_str     0x0005513c       0x8e ./Startup/startup_stm32f103rbtx.o
 .debug_str     0x0005513c    0x54c95 ./main.o

.comment        0x00000000       0x43
 .comment       0x00000000       0x43 ./Source/UsartDriverStm32F103.o
                                 0x44 (size before relaxing)
 .comment       0x00000043       0x44 ./Source/system_stm32f1xx.o
 .comment       0x00000043       0x44 ./Source/vHardwareSetup.o
 .comment       0x00000043       0x44 ./main.o

.debug_frame    0x00000000      0x384
 .debug_frame   0x00000000      0x134 ./Source/UsartDriverStm32F103.o
 .debug_frame   0x00000134       0x50 ./Source/system_stm32f1xx.o
 .debug_frame   0x00000184      0x124 ./Source/vHardwareSetup.o
 .debug_frame   0x000002a8       0x50 ./main.o
 .debug_frame   0x000002f8       0x2c C:/ST/STM32CubeIDE_2.2.0/STM32CubeIDE/plugins/com.st.stm32cube.ide.mcu.externaltools.gnu-tools-for-stm32.14.3.rel1.win32_1.0.100.202602081740/tools/bin/../lib/gcc/arm-none-eabi/14.3.1/../../../../arm-none-eabi/lib/thumb/v7-m/nofp\libc_nano.a(libc_a-init.o)
 .debug_frame   0x00000324       0x2c C:/ST/STM32CubeIDE_2.2.0/STM32CubeIDE/plugins/com.st.stm32cube.ide.mcu.externaltools.gnu-tools-for-stm32.14.3.rel1.win32_1.0.100.202602081740/tools/bin/../lib/gcc/arm-none-eabi/14.3.1/thumb/v7-m/nofp\libgcc.a(_aeabi_uldivmod.o)
 .debug_frame   0x00000350       0x34 C:/ST/STM32CubeIDE_2.2.0/STM32CubeIDE/plugins/com.st.stm32cube.ide.mcu.externaltools.gnu-tools-for-stm32.14.3.rel1.win32_1.0.100.202602081740/tools/bin/../lib/gcc/arm-none-eabi/14.3.1/thumb/v7-m/nofp\libgcc.a(_udivmoddi4.o)

.debug_line_str
                0x00000000       0x72
 .debug_line_str
                0x00000000       0x72 ./Startup/startup_stm32f103rbtx.o
