Archive member included to satisfy reference by file (symbol)

C:/ST/STM32CubeIDE_2.2.0/STM32CubeIDE/plugins/com.st.stm32cube.ide.mcu.externaltools.gnu-tools-for-stm32.14.3.rel1.win32_1.0.100.202602081740/tools/bin/../lib/gcc/arm-none-eabi/14.3.1/../../../../arm-none-eabi/lib/thumb/v7-m/nofp\libc_nano.a(libc_a-exit.o)
                              C:/ST/STM32CubeIDE_2.2.0/STM32CubeIDE/plugins/com.st.stm32cube.ide.mcu.externaltools.gnu-tools-for-stm32.14.3.rel1.win32_1.0.100.202602081740/tools/bin/../lib/gcc/arm-none-eabi/14.3.1/../../../../arm-none-eabi/lib/thumb/v7-m/nofp/crt0.o (exit)
C:/ST/STM32CubeIDE_2.2.0/STM32CubeIDE/plugins/com.st.stm32cube.ide.mcu.externaltools.gnu-tools-for-stm32.14.3.rel1.win32_1.0.100.202602081740/tools/bin/../lib/gcc/arm-none-eabi/14.3.1/../../../../arm-none-eabi/lib/thumb/v7-m/nofp\libc_nano.a(libc_a-findfp.o)
                              C:/ST/STM32CubeIDE_2.2.0/STM32CubeIDE/plugins/com.st.stm32cube.ide.mcu.externaltools.gnu-tools-for-stm32.14.3.rel1.win32_1.0.100.202602081740/tools/bin/../lib/gcc/arm-none-eabi/14.3.1/../../../../arm-none-eabi/lib/thumb/v7-m/nofp\libc_nano.a(libc_a-exit.o) (__stdio_exit_handler)
C:/ST/STM32CubeIDE_2.2.0/STM32CubeIDE/plugins/com.st.stm32cube.ide.mcu.externaltools.gnu-tools-for-stm32.14.3.rel1.win32_1.0.100.202602081740/tools/bin/../lib/gcc/arm-none-eabi/14.3.1/../../../../arm-none-eabi/lib/thumb/v7-m/nofp\libc_nano.a(libc_a-fwalk.o)
                              C:/ST/STM32CubeIDE_2.2.0/STM32CubeIDE/plugins/com.st.stm32cube.ide.mcu.externaltools.gnu-tools-for-stm32.14.3.rel1.win32_1.0.100.202602081740/tools/bin/../lib/gcc/arm-none-eabi/14.3.1/../../../../arm-none-eabi/lib/thumb/v7-m/nofp\libc_nano.a(libc_a-findfp.o) (_fwalk_sglue)
C:/ST/STM32CubeIDE_2.2.0/STM32CubeIDE/plugins/com.st.stm32cube.ide.mcu.externaltools.gnu-tools-for-stm32.14.3.rel1.win32_1.0.100.202602081740/tools/bin/../lib/gcc/arm-none-eabi/14.3.1/../../../../arm-none-eabi/lib/thumb/v7-m/nofp\libc_nano.a(libc_a-stdio.o)
                              C:/ST/STM32CubeIDE_2.2.0/STM32CubeIDE/plugins/com.st.stm32cube.ide.mcu.externaltools.gnu-tools-for-stm32.14.3.rel1.win32_1.0.100.202602081740/tools/bin/../lib/gcc/arm-none-eabi/14.3.1/../../../../arm-none-eabi/lib/thumb/v7-m/nofp\libc_nano.a(libc_a-findfp.o) (__sread)
C:/ST/STM32CubeIDE_2.2.0/STM32CubeIDE/plugins/com.st.stm32cube.ide.mcu.externaltools.gnu-tools-for-stm32.14.3.rel1.win32_1.0.100.202602081740/tools/bin/../lib/gcc/arm-none-eabi/14.3.1/../../../../arm-none-eabi/lib/thumb/v7-m/nofp\libc_nano.a(libc_a-memset.o)
                              C:/ST/STM32CubeIDE_2.2.0/STM32CubeIDE/plugins/com.st.stm32cube.ide.mcu.externaltools.gnu-tools-for-stm32.14.3.rel1.win32_1.0.100.202602081740/tools/bin/../lib/gcc/arm-none-eabi/14.3.1/../../../../arm-none-eabi/lib/thumb/v7-m/nofp/crt0.o (memset)
C:/ST/STM32CubeIDE_2.2.0/STM32CubeIDE/plugins/com.st.stm32cube.ide.mcu.externaltools.gnu-tools-for-stm32.14.3.rel1.win32_1.0.100.202602081740/tools/bin/../lib/gcc/arm-none-eabi/14.3.1/../../../../arm-none-eabi/lib/thumb/v7-m/nofp\libc_nano.a(libc_a-closer.o)
                              C:/ST/STM32CubeIDE_2.2.0/STM32CubeIDE/plugins/com.st.stm32cube.ide.mcu.externaltools.gnu-tools-for-stm32.14.3.rel1.win32_1.0.100.202602081740/tools/bin/../lib/gcc/arm-none-eabi/14.3.1/../../../../arm-none-eabi/lib/thumb/v7-m/nofp\libc_nano.a(libc_a-stdio.o) (_close_r)
C:/ST/STM32CubeIDE_2.2.0/STM32CubeIDE/plugins/com.st.stm32cube.ide.mcu.externaltools.gnu-tools-for-stm32.14.3.rel1.win32_1.0.100.202602081740/tools/bin/../lib/gcc/arm-none-eabi/14.3.1/../../../../arm-none-eabi/lib/thumb/v7-m/nofp\libc_nano.a(libc_a-reent.o)
                              C:/ST/STM32CubeIDE_2.2.0/STM32CubeIDE/plugins/com.st.stm32cube.ide.mcu.externaltools.gnu-tools-for-stm32.14.3.rel1.win32_1.0.100.202602081740/tools/bin/../lib/gcc/arm-none-eabi/14.3.1/../../../../arm-none-eabi/lib/thumb/v7-m/nofp\libc_nano.a(libc_a-closer.o) (errno)
C:/ST/STM32CubeIDE_2.2.0/STM32CubeIDE/plugins/com.st.stm32cube.ide.mcu.externaltools.gnu-tools-for-stm32.14.3.rel1.win32_1.0.100.202602081740/tools/bin/../lib/gcc/arm-none-eabi/14.3.1/../../../../arm-none-eabi/lib/thumb/v7-m/nofp\libc_nano.a(libc_a-impure.o)
                              C:/ST/STM32CubeIDE_2.2.0/STM32CubeIDE/plugins/com.st.stm32cube.ide.mcu.externaltools.gnu-tools-for-stm32.14.3.rel1.win32_1.0.100.202602081740/tools/bin/../lib/gcc/arm-none-eabi/14.3.1/../../../../arm-none-eabi/lib/thumb/v7-m/nofp\libc_nano.a(libc_a-reent.o) (_impure_ptr)
C:/ST/STM32CubeIDE_2.2.0/STM32CubeIDE/plugins/com.st.stm32cube.ide.mcu.externaltools.gnu-tools-for-stm32.14.3.rel1.win32_1.0.100.202602081740/tools/bin/../lib/gcc/arm-none-eabi/14.3.1/../../../../arm-none-eabi/lib/thumb/v7-m/nofp\libc_nano.a(libc_a-lseekr.o)
[...]
Memory Configuration

Name             Origin             Length             Attributes
RAM              0x20000000         0x00005000         xrw
FLASH            0x08000000         0x00020000         xr
*default*        0x00000000         0xffffffff

Linker script and memory map

LOAD C:/ST/STM32CubeIDE_2.2.0/STM32CubeIDE/plugins/com.st.stm32cube.ide.mcu.externaltools.gnu-tools-for-stm32.14.3.rel1.win32_1.0.100.202602081740/tools/bin/../lib/gcc/arm-none-eabi/14.3.1/thumb/v7-m/nofp/crti.o
LOAD C:/ST/STM32CubeIDE_2.2.0/STM32CubeIDE/plugins/com.st.stm32cube.ide.mcu.externaltools.gnu-tools-for-stm32.14.3.rel1.win32_1.0.100.202602081740/tools/bin/../lib/gcc/arm-none-eabi/14.3.1/thumb/v7-m/nofp/crtbegin.o
LOAD C:/ST/STM32CubeIDE_2.2.0/STM32CubeIDE/plugins/com.st.stm32cube.ide.mcu.externaltools.gnu-tools-for-stm32.14.3.rel1.win32_1.0.100.202602081740/tools/bin/../lib/gcc/arm-none-eabi/14.3.1/../../../../arm-none-eabi/lib/thumb/v7-m/nofp/crt0.o
LOAD ./Source/syscalls.o
LOAD ./Source/sysmem.o
LOAD ./Source/system_stm32f1xx.o
LOAD ./Source/vHardwareSetup.o
LOAD ./Startup/startup_stm32f103rbtx.o
LOAD ./main.o
START GROUP
LOAD C:/ST/STM32CubeIDE_2.2.0/STM32CubeIDE/plugins/com.st.stm32cube.ide.mcu.externaltools.gnu-tools-for-stm32.14.3.rel1.win32_1.0.100.202602081740/tools/bin/../lib/gcc/arm-none-eabi/14.3.1/../../../../arm-none-eabi/lib/thumb/v7-m/nofp\libc_nano.a
LOAD C:/ST/STM32CubeIDE_2.2.0/STM32CubeIDE/plugins/com.st.stm32cube.ide.mcu.externaltools.gnu-tools-for-stm32.14.3.rel1.win32_1.0.100.202602081740/tools/bin/../lib/gcc/arm-none-eabi/14.3.1/../../../../arm-none-eabi/lib/thumb/v7-m/nofp\libm.a
END GROUP
START GROUP
LOAD C:/ST/STM32CubeIDE_2.2.0/STM32CubeIDE/plugins/com.st.stm32cube.ide.mcu.externaltools.gnu-tools-for-stm32.14.3.rel1.win32_1.0.100.202602081740/tools/bin/../lib/gcc/arm-none-eabi/14.3.1/thumb/v7-m/nofp\libgcc.a
LOAD C:/ST/STM32CubeIDE_2.2.0/STM32CubeIDE/plugins/com.st.stm32cube.ide.mcu.externaltools.gnu-tools-for-stm32.14.3.rel1.win32_1.0.100.202602081740/tools/bin/../lib/gcc/arm-none-eabi/14.3.1/../../../../arm-none-eabi/lib/thumb/v7-m/nofp\libc_nano.a
END GROUP
START GROUP
LOAD C:/ST/STM32CubeIDE_2.2.0/STM32CubeIDE/plugins/com.st.stm32cube.ide.mcu.externaltools.gnu-tools-for-stm32.14.3.rel1.win32_1.0.100.202602081740/tools/bin/../lib/gcc/arm-none-eabi/14.3.1/thumb/v7-m/nofp\libgcc.a
LOAD C:/ST/STM32CubeIDE_2.2.0/STM32CubeIDE/plugins/com.st.stm32cube.ide.mcu.externaltools.gnu-tools-for-stm32.14.3.rel1.win32_1.0.100.202602081740/tools/bin/../lib/gcc/arm-none-eabi/14.3.1/../../../../arm-none-eabi/lib/thumb/v7-m/nofp\libc_nano.a
LOAD C:/ST/STM32CubeIDE_2.2.0/STM32CubeIDE/plugins/com.st.stm32cube.ide.mcu.externaltools.gnu-tools-for-stm32.14.3.rel1.win32_1.0.100.202602081740/tools/bin/../lib/gcc/arm-none-eabi/14.3.1/../../../../arm-none-eabi/lib/thumb/v7-m/nofp\libnosys.a
END GROUP
START GROUP
LOAD C:/ST/STM32CubeIDE_2.2.0/STM32CubeIDE/plugins/com.st.stm32cube.ide.mcu.externaltools.gnu-tools-for-stm32.14.3.rel1.win32_1.0.100.202602081740/tools/bin/../lib/gcc/arm-none-eabi/14.3.1/thumb/v7-m/nofp\libgcc.a
LOAD C:/ST/STM32CubeIDE_2.2.0/STM32CubeIDE/plugins/com.st.stm32cube.ide.mcu.externaltools.gnu-tools-for-stm32.14.3.rel1.win32_1.0.100.202602081740/tools/bin/../lib/gcc/arm-none-eabi/14.3.1/../../../../arm-none-eabi/lib/thumb/v7-m/nofp\libc_nano.a
LOAD C:/ST/STM32CubeIDE_2.2.0/STM32CubeIDE/plugins/com.st.stm32cube.ide.mcu.externaltools.gnu-tools-for-stm32.14.3.rel1.win32_1.0.100.202602081740/tools/bin/../lib/gcc/arm-none-eabi/14.3.1/../../../../arm-none-eabi/lib/thumb/v7-m/nofp\libnosys.a
END GROUP
LOAD C:/ST/STM32CubeIDE_2.2.0/STM32CubeIDE/plugins/com.st.stm32cube.ide.mcu.externaltools.gnu-tools-for-stm32.14.3.rel1.win32_1.0.100.202602081740/tools/bin/../lib/gcc/arm-none-eabi/14.3.1/thumb/v7-m/nofp/crtend.o
LOAD C:/ST/STM32CubeIDE_2.2.0/STM32CubeIDE/plugins/com.st.stm32cube.ide.mcu.externaltools.gnu-tools-for-stm32.14.3.rel1.win32_1.0.100.202602081740/tools/bin/../lib/gcc/arm-none-eabi/14.3.1/thumb/v7-m/nofp/crtn.o
                0x20005000                        _estack = (ORIGIN (RAM) + LENGTH (RAM))
                0x00000200                        _Min_Heap_Size = 0x200
                0x00000400                        _Min_Stack_Size = 0x400

.isr_vector     0x08000000      0x130
                0x08000000                        . = ALIGN (0x4)
 *(.isr_vector)
 .isr_vector    0x08000000      0x130 ./Startup/startup_stm32f103rbtx.o
                0x08000000                g_pfnVectors
                0x08000130                        . = ALIGN (0x4)

.text           0x08000130      0x5f0
                0x08000130                        . = ALIGN (0x4)
 *(.text)
 .text          0x08000130       0x40 C:/ST/STM32CubeIDE_2.2.0/STM32CubeIDE/plugins/com.st.stm32cube.ide.mcu.externaltools.gnu-tools-for-stm32.14.3.rel1.win32_1.0.100.202602081740/tools/bin/../lib/gcc/arm-none-eabi/14.3.1/thumb/v7-m/nofp/crtbegin.o
 *(.text*)
 .text.SystemInit
                0x08000170        0xc ./Source/system_stm32f1xx.o
                0x08000170                SystemInit
 .text.SystemCoreClockUpdate
                0x0800017c       0xe4 ./Source/system_stm32f1xx.o
                0x0800017c                SystemCoreClockUpdate
 .text.__NVIC_EnableIRQ
                0x08000260       0x38 ./Source/vHardwareSetup.o
 .text.__NVIC_SetPriority
                0x08000298       0x54 ./Source/vHardwareSetup.o
 .text.vHardwareSetup
                0x080002ec       0x20 ./Source/vHardwareSetup.o
                0x080002ec                vHardwareSetup
 .text.prvHardwareSetupSystemClock
                0x0800030c      0x128 ./Source/vHardwareSetup.o
 .text.prvHardwareSetupPortAndPin
                0x08000434       0x50 ./Source/vHardwareSetup.o
 .text.prvHardwareSetupGPIO
                0x08000484       0x90 ./Source/vHardwareSetup.o
 .text.prvHardwareSetupTimer
                0x08000514       0xb0 ./Source/vHardwareSetup.o
 .text.prvHardwareSetupInterrupt
                0x080005c4       0x24 ./Source/vHardwareSetup.o
 .text.prvHardwareSetupUART
                0x080005e8        0xc ./Source/vHardwareSetup.o
 .text.Reset_Handler
                0x080005f4       0x50 ./Startup/startup_stm32f103rbtx.o
                0x080005f4                Reset_Handler
 .text.Default_Handler
                0x08000644        0x2 ./Startup/startup_stm32f103rbtx.o
                0x08000644                EXTI2_IRQHandler
                0x08000644                TIM8_TRG_COM_IRQHandler
                0x08000644                TIM8_CC_IRQHandler
                0x08000644                DebugMon_Handler
                0x08000644                TIM1_CC_IRQHandler
                0x08000644                HardFault_Handler
                0x08000644                TIM6_IRQHandler
                0x08000644                SysTick_Handler
                0x08000644                PVD_IRQHandler
                0x08000644                SDIO_IRQHandler
                0x08000644                PendSV_Handler
                0x08000644                NMI_Handler
                0x08000644                EXTI3_IRQHandler
                0x08000644                USB_HP_CAN_TX_IRQHandler
                0x08000644                EXTI0_IRQHandler
                0x08000644                I2C2_EV_IRQHandler
                0x08000644                UsageFault_Handler
                0x08000644                ADC1_2_IRQHandler
                0x08000644                SPI1_IRQHandler
                0x08000644                CAN_SCE_IRQHandler
                0x08000644                TAMPER_IRQHandler
                0x08000644                TIM8_UP_IRQHandler
                0x08000644                DMA2_Channel2_IRQHandler
                0x08000644                DMA1_Channel4_IRQHandler
                0x08000644                USART3_IRQHandler
                0x08000644                RTC_IRQHandler
                0x08000644                DMA1_Channel7_IRQHandler
                0x08000644                UART5_IRQHandler
                0x08000644                ADC3_IRQHandler
                0x08000644                TIM4_IRQHandler
                0x08000644                CAN_RX1_IRQHandler
                0x08000644                DMA2_Channel1_IRQHandler
                0x08000644                I2C1_EV_IRQHandler
                0x08000644                DMA1_Channel6_IRQHandler
                0x08000644                UART4_IRQHandler
                0x08000644                TIM3_IRQHandler
                0x08000644                RCC_IRQHandler
                0x08000644                TIM1_TRG_COM_IRQHandler
                0x08000644                DMA1_Channel1_IRQHandler
                0x08000644                Default_Handler
                0x08000644                EXTI15_10_IRQHandler
                0x08000644                TIM7_IRQHandler
                0x08000644                TIM5_IRQHandler
                0x08000644                EXTI9_5_IRQHandler
                0x08000644                SPI2_IRQHandler
                0x08000644                USB_LP_CAN_RX0_IRQHandler
                0x08000644                MemManage_Handler
                0x08000644                SVC_Handler
                0x08000644                DMA1_Channel5_IRQHandler
                0x08000644                EXTI4_IRQHandler
                0x08000644                DMA1_Channel3_IRQHandler
                0x08000644                FSMC_IRQHandler
                0x08000644                TIM1_UP_IRQHandler
                0x08000644                WWDG_IRQHandler
                0x08000644                TIM1_BRK_IRQHandler
                0x08000644                EXTI1_IRQHandler
                0x08000644                RTCAlarm_IRQHandler
                0x08000644                DMA2_Channel4_5_IRQHandler
                0x08000644                USART2_IRQHandler
                0x08000644                I2C2_ER_IRQHandler
                0x08000644                DMA1_Channel2_IRQHandler
                0x08000644                TIM8_BRK_IRQHandler
                0x08000644                FLASH_IRQHandler
                0x08000644                BusFault_Handler
                0x08000644                USART1_IRQHandler
                0x08000644                SPI3_IRQHandler
                0x08000644                I2C1_ER_IRQHandler
                0x08000644                DMA2_Channel3_IRQHandler
 *fill*         0x08000646        0x2 
 .text.main     0x08000648       0x28 ./main.o
                0x08000648                main
 .text.TIM2_IRQHandler
                0x08000670       0x50 ./main.o
                0x08000670                TIM2_IRQHandler
 .text.__libc_init_array
                0x080006c0       0x48 C:/ST/STM32CubeIDE_2.2.0/STM32CubeIDE/plugins/com.st.stm32cube.ide.mcu.externaltools.gnu-tools-for-stm32.14.3.rel1.win32_1.0.100.202602081740/tools/bin/../lib/gcc/arm-none-eabi/14.3.1/../../../../arm-none-eabi/lib/thumb/v7-m/nofp\libc_nano.a(libc_a-init.o)
                0x080006c0                __libc_init_array
 *(.glue_7)
 .glue_7        0x08000708        0x0 linker stubs
 *(.glue_7t)
 .glue_7t       0x08000708        0x0 linker stubs
 *(.eh_frame)
 .eh_frame      0x08000708        0x0 C:/ST/STM32CubeIDE_2.2.0/STM32CubeIDE/plugins/com.st.stm32cube.ide.mcu.externaltools.gnu-tools-for-stm32.14.3.rel1.win32_1.0.100.202602081740/tools/bin/../lib/gcc/arm-none-eabi/14.3.1/thumb/v7-m/nofp/crtbegin.o
 *(.init)
 .init          0x08000708        0x4 C:/ST/STM32CubeIDE_2.2.0/STM32CubeIDE/plugins/com.st.stm32cube.ide.mcu.externaltools.gnu-tools-for-stm32.14.3.rel1.win32_1.0.100.202602081740/tools/bin/../lib/gcc/arm-none-eabi/14.3.1/thumb/v7-m/nofp/crti.o
                0x08000708                _init
 .init          0x0800070c        0x8 C:/ST/STM32CubeIDE_2.2.0/STM32CubeIDE/plugins/com.st.stm32cube.ide.mcu.externaltools.gnu-tools-for-stm32.14.3.rel1.win32_1.0.100.202602081740/tools/bin/../lib/gcc/arm-none-eabi/14.3.1/thumb/v7-m/nofp/crtn.o
 *(.fini)
 .fini          0x08000714        0x4 C:/ST/STM32CubeIDE_2.2.0/STM32CubeIDE/plugins/com.st.stm32cube.ide.mcu.externaltools.gnu-tools-for-stm32.14.3.rel1.win32_1.0.100.202602081740/tools/bin/../lib/gcc/arm-none-eabi/14.3.1/thumb/v7-m/nofp/crti.o
                0x08000714                _fini
 .fini          0x08000718        0x8 C:/ST/STM32CubeIDE_2.2.0/STM32CubeIDE/plugins/com.st.stm32cube.ide.mcu.externaltools.gnu-tools-for-stm32.14.3.rel1.win32_1.0.100.202602081740/tools/bin/../lib/gcc/arm-none-eabi/14.3.1/thumb/v7-m/nofp/crtn.o
                0x08000720                        . = ALIGN (0x4)
                0x08000720                        _etext = .

.vfp11_veneer   0x08000720        0x0
 .vfp11_veneer  0x08000720        0x0 linker stubs

.v4_bx          0x08000720        0x0
 .v4_bx         0x08000720        0x0 linker stubs

.iplt           0x08000720        0x0
 .iplt          0x08000720        0x0 C:/ST/STM32CubeIDE_2.2.0/STM32CubeIDE/plugins/com.st.stm32cube.ide.mcu.externaltools.gnu-tools-for-stm32.14.3.rel1.win32_1.0.100.202602081740/tools/bin/../lib/gcc/arm-none-eabi/14.3.1/thumb/v7-m/nofp/crtbegin.o

.rodata         0x08000720       0x10
                0x08000720                        . = ALIGN (0x4)
 *(.rodata)
 *(.rodata*)
 .rodata.AHBPrescTable
                0x08000720       0x10 ./Source/system_stm32f1xx.o
                0x08000720                AHBPrescTable
                0x08000730                        . = ALIGN (0x4)

.ARM.extab      0x08000730        0x0
                0x08000730                        . = ALIGN (0x4)
 *(.ARM.extab* .gnu.linkonce.armextab.*)
                0x08000730                        . = ALIGN (0x4)

.ARM            0x08000730        0x0
                0x08000730                        . = ALIGN (0x4)
                0x08000730                        __exidx_start = .
 *(.ARM.exidx*)
                0x08000730                        __exidx_end = .
                0x08000730                        . = ALIGN (0x4)

.preinit_array  0x08000730        0x0
                0x08000730                        . = ALIGN (0x4)
                0x08000730                        PROVIDE (__preinit_array_start = .)
 *(.preinit_array*)
                0x08000730                        PROVIDE (__preinit_array_end = .)
                0x08000730                        . = ALIGN (0x4)

.init_array     0x08000730        0x4
                0x08000730                        . = ALIGN (0x4)
                0x08000730                        PROVIDE (__init_array_start = .)
 *(SORT_BY_NAME(.init_array.*))
 *(.init_array*)
 .init_array    0x08000730        0x4 C:/ST/STM32CubeIDE_2.2.0/STM32CubeIDE/plugins/com.st.stm32cube.ide.mcu.externaltools.gnu-tools-for-stm32.14.3.rel1.win32_1.0.100.202602081740/tools/bin/../lib/gcc/arm-none-eabi/14.3.1/thumb/v7-m/nofp/crtbegin.o
                0x08000734                        PROVIDE (__init_array_end = .)
                0x08000734                        . = ALIGN (0x4)

.fini_array     0x08000734        0x4
                0x08000734                        . = ALIGN (0x4)
                [!provide]                        PROVIDE (__fini_array_start = .)
 *(SORT_BY_NAME(.fini_array.*))
 *(.fini_array*)
 .fini_array    0x08000734        0x4 C:/ST/STM32CubeIDE_2.2.0/STM32CubeIDE/plugins/com.st.stm32cube.ide.mcu.externaltools.gnu-tools-for-stm32.14.3.rel1.win32_1.0.100.202602081740/tools/bin/../lib/gcc/arm-none-eabi/14.3.1/thumb/v7-m/nofp/crtbegin.o
                [!provide]                        PROVIDE (__fini_array_end = .)
                0x08000738                        . = ALIGN (0x4)
                0x08000738                        _sidata = LOADADDR (.data)

.rel.dyn        0x08000738        0x0
 .rel.iplt      0x08000738        0x0 C:/ST/STM32CubeIDE_2.2.0/STM32CubeIDE/plugins/com.st.stm32cube.ide.mcu.externaltools.gnu-tools-for-stm32.14.3.rel1.win32_1.0.100.202602081740/tools/bin/../lib/gcc/arm-none-eabi/14.3.1/thumb/v7-m/nofp/crtbegin.o

.data           0x20000000        0x4 load address 0x08000738
                0x20000000                        . = ALIGN (0x4)
                0x20000000                        _sdata = .
 *(.data)
 *(.data*)
 .data.SystemCoreClock
                0x20000000        0x4 ./Source/system_stm32f1xx.o
                0x20000000                SystemCoreClock
 *(.RamFunc)
 *(.RamFunc*)
                0x20000004                        . = ALIGN (0x4)
                0x20000004                        _edata = .

.igot.plt       0x20000004        0x0 load address 0x0800073c
 .igot.plt      0x20000004        0x0 C:/ST/STM32CubeIDE_2.2.0/STM32CubeIDE/plugins/com.st.stm32cube.ide.mcu.externaltools.gnu-tools-for-stm32.14.3.rel1.win32_1.0.100.202602081740/tools/bin/../lib/gcc/arm-none-eabi/14.3.1/thumb/v7-m/nofp/crtbegin.o
                0x20000004                        . = ALIGN (0x4)

.bss            0x20000004       0x20 load address 0x0800073c
                0x20000004                        _sbss = .
                0x20000004                        __bss_start__ = _sbss
 *(.bss)
 .bss           0x20000004       0x1c C:/ST/STM32CubeIDE_2.2.0/STM32CubeIDE/plugins/com.st.stm32cube.ide.mcu.externaltools.gnu-tools-for-stm32.14.3.rel1.win32_1.0.100.202602081740/tools/bin/../lib/gcc/arm-none-eabi/14.3.1/thumb/v7-m/nofp/crtbegin.o
 *(.bss*)
 .bss.ulTimer2Counter
                0x20000020        0x4 ./main.o
 *(COMMON)
                0x20000024                        . = ALIGN (0x4)
                0x20000024                        _ebss = .
                0x20000024                        __bss_end__ = _ebss

._user_heap_stack
                0x20000024      0x604 load address 0x0800073c
                0x20000028                        . = ALIGN (0x8)
 *fill*         0x20000024        0x4 
                [!provide]                        PROVIDE (end = .)
                0x20000028                        PROVIDE (_end = .)
                0x20000228                        . = (. + _Min_Heap_Size)
 *fill*         0x20000028      0x200 
                0x20000628                        . = (. + _Min_Stack_Size)
 *fill*         0x20000228      0x400 
                0x20000628                        . = ALIGN (0x8)

/DISCARD/
 libc.a(*)
 libm.a(*)
 libgcc.a(*)

.ARM.attributes
                0x00000000       0x29
 *(.ARM.attributes)
 .ARM.attributes
                0x00000000       0x1d C:/ST/STM32CubeIDE_2.2.0/STM32CubeIDE/plugins/com.st.stm32cube.ide.mcu.externaltools.gnu-tools-for-stm32.14.3.rel1.win32_1.0.100.202602081740/tools/bin/../lib/gcc/arm-none-eabi/14.3.1/thumb/v7-m/nofp/crti.o
 .ARM.attributes
                0x0000001d       0x2d C:/ST/STM32CubeIDE_2.2.0/STM32CubeIDE/plugins/com.st.stm32cube.ide.mcu.externaltools.gnu-tools-for-stm32.14.3.rel1.win32_1.0.100.202602081740/tools/bin/../lib/gcc/arm-none-eabi/14.3.1/thumb/v7-m/nofp/crtbegin.o
 .ARM.attributes
                0x0000004a       0x2d ./Source/system_stm32f1xx.o
 .ARM.attributes
                0x00000077       0x2d ./Source/vHardwareSetup.o
 .ARM.attributes
                0x000000a4       0x21 ./Startup/startup_stm32f103rbtx.o
 .ARM.attributes
                0x000000c5       0x2d ./main.o
 .ARM.attributes
                0x000000f2       0x2d C:/ST/STM32CubeIDE_2.2.0/STM32CubeIDE/plugins/com.st.stm32cube.ide.mcu.externaltools.gnu-tools-for-stm32.14.3.rel1.win32_1.0.100.202602081740/tools/bin/../lib/gcc/arm-none-eabi/14.3.1/../../../../arm-none-eabi/lib/thumb/v7-m/nofp\libc_nano.a(libc_a-init.o)
 .ARM.attributes
                0x0000011f       0x1d C:/ST/STM32CubeIDE_2.2.0/STM32CubeIDE/plugins/com.st.stm32cube.ide.mcu.externaltools.gnu-tools-for-stm32.14.3.rel1.win32_1.0.100.202602081740/tools/bin/../lib/gcc/arm-none-eabi/14.3.1/thumb/v7-m/nofp/crtn.o
OUTPUT(NUCLEO-F103RB_Setup.elf elf32-littlearm)
LOAD linker stubs
LOAD C:/ST/STM32CubeIDE_2.2.0/STM32CubeIDE/plugins/com.st.stm32cube.ide.mcu.externaltools.gnu-tools-for-stm32.14.3.rel1.win32_1.0.100.202602081740/tools/bin/../lib/gcc/arm-none-eabi/14.3.1/../../../../arm-none-eabi/lib/thumb/v7-m/nofp\libc.a
LOAD C:/ST/STM32CubeIDE_2.2.0/STM32CubeIDE/plugins/com.st.stm32cube.ide.mcu.externaltools.gnu-tools-for-stm32.14.3.rel1.win32_1.0.100.202602081740/tools/bin/../lib/gcc/arm-none-eabi/14.3.1/../../../../arm-none-eabi/lib/thumb/v7-m/nofp\libm.a
LOAD C:/ST/STM32CubeIDE_2.2.0/STM32CubeIDE/plugins/com.st.stm32cube.ide.mcu.externaltools.gnu-tools-for-stm32.14.3.rel1.win32_1.0.100.202602081740/tools/bin/../lib/gcc/arm-none-eabi/14.3.1/thumb/v7-m/nofp\libgcc.a

.debug_info     0x00000000      0xd9a
 .debug_info    0x00000000      0x21b ./Source/system_stm32f1xx.o
 .debug_info    0x0000021b      0x907 ./Source/vHardwareSetup.o
 .debug_info    0x00000b22       0x30 ./Startup/startup_stm32f103rbtx.o
 .debug_info    0x00000b52      0x248 ./main.o

.debug_abbrev   0x00000000      0x445
 .debug_abbrev  0x00000000      0x13f ./Source/system_stm32f1xx.o
 .debug_abbrev  0x0000013f      0x201 ./Source/vHardwareSetup.o
 .debug_abbrev  0x00000340       0x24 ./Startup/startup_stm32f103rbtx.o
 .debug_abbrev  0x00000364       0xe1 ./main.o

.debug_aranges  0x00000000       0xd8
 .debug_aranges
                0x00000000       0x28 ./Source/system_stm32f1xx.o
 .debug_aranges
                0x00000028       0x60 ./Source/vHardwareSetup.o
 .debug_aranges
                0x00000088       0x28 ./Startup/startup_stm32f103rbtx.o
 .debug_aranges
                0x000000b0       0x28 ./main.o

.debug_rnglists
                0x00000000       0x92
 .debug_rnglists
                0x00000000       0x1a ./Source/system_stm32f1xx.o
 .debug_rnglists
                0x0000001a       0x46 ./Source/vHardwareSetup.o
 .debug_rnglists
                0x00000060       0x19 ./Startup/startup_stm32f103rbtx.o
 .debug_rnglists
                0x00000079       0x19 ./main.o

.debug_macro    0x00000000     0xf2ac
 .debug_macro   0x00000000       0xc8 ./Source/system_stm32f1xx.o
 .debug_macro   0x000000c8       0x28 ./Source/system_stm32f1xx.o
 .debug_macro   0x000000f0       0x22 ./Source/system_stm32f1xx.o
 .debug_macro   0x00000112       0x8e ./Source/system_stm32f1xx.o
 .debug_macro   0x000001a0       0x51 ./Source/system_stm32f1xx.o
 .debug_macro   0x000001f1       0x1c ./Source/system_stm32f1xx.o
 .debug_macro   0x0000020d       0x22 ./Source/system_stm32f1xx.o
 .debug_macro   0x0000022f       0xbd ./Source/system_stm32f1xx.o
 .debug_macro   0x000002ec      0xd23 ./Source/system_stm32f1xx.o
 .debug_macro   0x0000100f     0xe09e ./Source/system_stm32f1xx.o
 .debug_macro   0x0000f0ad       0x6d ./Source/system_stm32f1xx.o
 .debug_macro   0x0000f11a       0xcc ./Source/vHardwareSetup.o
 .debug_macro   0x0000f1e6       0xc6 ./main.o

.debug_line     0x00000000     0x11cc
 .debug_line    0x00000000      0x527 ./Source/system_stm32f1xx.o
 .debug_line    0x00000527      0x74d ./Source/vHardwareSetup.o
 .debug_line    0x00000c74       0x7b ./Startup/startup_stm32f103rbtx.o
 .debug_line    0x00000cef      0x4dd ./main.o

.debug_str      0x00000000    0x54a83
 .debug_str     0x00000000    0x54a83 ./Source/system_stm32f1xx.o
                              0x5477f (size before relaxing)
 .debug_str     0x00054a83    0x54c54 ./Source/vHardwareSetup.o
 .debug_str     0x00054a83       0x8e ./Startup/startup_stm32f103rbtx.o
 .debug_str     0x00054a83    0x5472c ./main.o

.comment        0x00000000       0x43
 .comment       0x00000000       0x43 ./Source/system_stm32f1xx.o
                                 0x44 (size before relaxing)
 .comment       0x00000043       0x44 ./Source/vHardwareSetup.o
 .comment       0x00000043       0x44 ./main.o

.debug_frame    0x00000000      0x1e8
 .debug_frame   0x00000000       0x50 ./Source/system_stm32f1xx.o
 .debug_frame   0x00000050      0x124 ./Source/vHardwareSetup.o
 .debug_frame   0x00000174       0x48 ./main.o
 .debug_frame   0x000001bc       0x2c C:/ST/STM32CubeIDE_2.2.0/STM32CubeIDE/plugins/com.st.stm32cube.ide.mcu.externaltools.gnu-tools-for-stm32.14.3.rel1.win32_1.0.100.202602081740/tools/bin/../lib/gcc/arm-none-eabi/14.3.1/../../../../arm-none-eabi/lib/thumb/v7-m/nofp\libc_nano.a(libc_a-init.o)

.debug_line_str
                0x00000000       0x72
 .debug_line_str
                0x00000000       0x72 ./Startup/startup_stm32f103rbtx.o
