../Include/core_cm3.h:1511:22:__NVIC_EnableIRQ	16	static
../Include/core_cm3.h:1639:22:__NVIC_SetPriority	16	static
../Source/vHardwareSetup.c:23:6:vHardwareSetup	8	static
../Source/vHardwareSetup.c:36:13:prvHardwareSetupSystemClock	8	static
../Source/vHardwareSetup.c:90:13:prvHardwareSetupPortAndPin	16	static
../Source/vHardwareSetup.c:117:13:prvHardwareSetupGPIO	4	static
../Source/vHardwareSetup.c:173:13:prvHardwareSetupTimer	4	static,ignoring_inline_asm
../Source/vHardwareSetup.c:215:13:prvHardwareSetupUART	4	static,ignoring_inline_asm
../Source/vHardwareSetup.c:265:13:prvHardwareSetupInterrupt	8	static,ignoring_inline_asm
